// Jest Snapshot v1, https://goo.gl/fbAQLP

exports[`<Product /> renders correctly 1`] = `
Array [
  <View
    style={
      Array [
        Object {
          "backgroundColor": "#fff",
        },
        Object {
          "flex": 1,
        },
      ]
    }
  >
    <RCTScrollView
      style={Object {}}
    >
      <View>
        <Image
          resizeMode="contain"
          source={
            Object {
              "uri": "https://fakestoreapi.com/img/81fPKd-2AYL._AC_SL1500_.jpg",
            }
          }
          style={
            Object {
              "height": 300,
              "padding": 40,
              "width": "100%",
            }
          }
        />
        <View
          style={
            Array [
              Object {
                "backgroundColor": "#fff",
              },
              Object {
                "padding": 10,
              },
            ]
          }
        >
          <Text
            style={
              Array [
                Object {
                  "color": "#000",
                },
                Object {
                  "fontSize": 20,
                  "fontWeight": "bold",
                  "marginBottom": 20,
                },
              ]
            }
          >
            Fjallraven - Foldsack No. 1 Backpack, Fits 15 Laptops
          </Text>
          <Text
            style={
              Array [
                Object {
                  "color": "#000",
                },
                Object {
                  "marginBottom": 20,
                },
              ]
            }
          >
            Your perfect pack for everyday use and walks in the forest. Stash your laptop (up to 15 inches) in the padded sleeve, your everyday
          </Text>
          <View
            style={
              Object {
                "alignItems": "center",
                "display": "flex",
                "flexDirection": "row",
                "marginBottom": 10,
              }
            }
          >
            <Text />
            <Text />
            <Text />
            <Text />
            <Text />
            <Text
              style={
                Object {
                  "fontWeight": "bold",
                  "marginHorizontal": 5,
                }
              }
            >
              3.9
            </Text>
            <Text
              style={Object {}}
            >
              (
              120
              )
            </Text>
          </View>
          <Text
            style={
              Array [
                Object {
                  "color": "#000",
                },
                Object {
                  "fontSize": 24,
                  "fontWeight": "bold",
                  "marginBottom": 20,
                },
              ]
            }
          >
            $ 
            109.95
          </Text>
          <View
            style={
              Array [
                Object {
                  "backgroundColor": "#fff",
                },
                Object {},
              ]
            }
          >
            <View
              style={
                Object {
                  "alignSelf": "baseline",
                  "borderColor": "#999",
                  "borderRadius": 5,
                  "borderWidth": 1,
                  "display": "flex",
                  "flexDirection": "row",
                }
              }
            >
              <View
                accessible={true}
                focusable={true}
                onClick={[Function]}
                onResponderGrant={[Function]}
                onResponderMove={[Function]}
                onResponderRelease={[Function]}
                onResponderTerminate={[Function]}
                onResponderTerminationRequest={[Function]}
                onStartShouldSetResponder={[Function]}
                style={
                  Object {
                    "opacity": 1,
                  }
                }
              >
                <View
                  style={
                    Array [
                      Object {
                        "alignItems": "center",
                        "backgroundColor": "#ddd",
                        "justifyContent": "center",
                        "paddingHorizontal": 18,
                        "paddingVertical": 8,
                      },
                      Object {
                        "borderBottomLeftRadius": 5,
                        "borderTopLeftRadius": 5,
                      },
                    ]
                  }
                >
                  <Text
                    style={
                      Object {
                        "color": "#242424",
                        "fontSize": 18,
                      }
                    }
                  >
                    -
                  </Text>
                </View>
              </View>
              <View
                style={
                  Object {
                    "alignItems": "center",
                    "justifyContent": "center",
                    "paddingHorizontal": 20,
                  }
                }
              >
                <Text
                  style={
                    Object {
                      "color": "#242424",
                      "fontSize": 14,
                    }
                  }
                >
                  1
                </Text>
              </View>
              <View
                accessible={true}
                focusable={true}
                onClick={[Function]}
                onResponderGrant={[Function]}
                onResponderMove={[Function]}
                onResponderRelease={[Function]}
                onResponderTerminate={[Function]}
                onResponderTerminationRequest={[Function]}
                onStartShouldSetResponder={[Function]}
                style={
                  Object {
                    "opacity": 1,
                  }
                }
              >
                <View
                  style={
                    Array [
                      Object {
                        "alignItems": "center",
                        "backgroundColor": "#ddd",
                        "justifyContent": "center",
                        "paddingHorizontal": 18,
                        "paddingVertical": 8,
                      },
                      Object {
                        "borderBottomRightRadius": 5,
                        "borderTopRightRadius": 5,
                      },
                    ]
                  }
                >
                  <Text
                    style={
                      Object {
                        "color": "#242424",
                        "fontSize": 18,
                      }
                    }
                  >
                    +
                  </Text>
                </View>
              </View>
            </View>
          </View>
        </View>
      </View>
    </RCTScrollView>
  </View>,
  <View
    style={
      Array [
        Object {
          "backgroundColor": "#fff",
        },
        Object {
          "padding": 10,
        },
      ]
    }
  >
    <View
      style={
        Array [
          Object {
            "borderRadius": 3,
            "overflow": "hidden",
          },
          Object {
            "borderRadius": 3,
          },
          undefined,
          false,
        ]
      }
    >
      <View
        accessibilityRole="button"
        accessibilityState={
          Object {
            "busy": false,
            "disabled": false,
          }
        }
        accessible={true}
        focusable={true}
        onClick={[Function]}
        onResponderGrant={[Function]}
        onResponderMove={[Function]}
        onResponderRelease={[Function]}
        onResponderTerminate={[Function]}
        onResponderTerminationRequest={[Function]}
        onStartShouldSetResponder={[Function]}
        style={
          Object {
            "opacity": 1,
          }
        }
      >
        <View
          style={
            Object {
              "alignItems": "center",
              "backgroundColor": "#2089dc",
              "borderColor": "#2089dc",
              "borderRadius": 3,
              "borderWidth": 0,
              "flexDirection": "row",
              "justifyContent": "center",
              "padding": 8,
            }
          }
        >
          <Text
            style={
              Object {
                "color": "white",
                "fontSize": 18,
                "paddingVertical": 1,
                "textAlign": "center",
              }
            }
          >
            Buy
          </Text>
        </View>
      </View>
    </View>
  </View>,
]
`;
